// Jest Snapshot v1, https://goo.gl/fbAQLP

exports[`Collectionpage should render shop component 1`] = `ShallowWrapper {}`;
