// Jest Snapshot v1, https://goo.gl/fbAQLP

exports[`should render sign-in-and-sign-up component 1`] = `ShallowWrapper {}`;
